<?xml version="1.0" encoding="utf-8"?><testsuites><testsuite name="pytest" errors="0" failures="0" skipped="0" tests="72" time="29.203" timestamp="2026-04-12T21:36:29.896260" hostname="574n13y"><testcase classname="tests.test_auth" name="test_user_creation" time="1.215" /><testcase classname="tests.test_auth" name="test_password_verification" time="1.875" /><testcase classname="tests.test_auth" name="test_user_loader" time="0.002" /><testcase classname="tests.test_database_backup.TestDatabaseBackup" name="test_backup_creation" time="0.053" /><testcase classname="tests.test_database_backup.TestDatabaseBackup" name="test_backup_restoration" time="0.076" /><testcase classname="tests.test_database_backup.TestDatabaseBackup" name="test_backup_validation" time="0.066" /><testcase classname="tests.test_database_backup.TestDatabaseBackup" name="test_data_export" time="0.043" /><testcase classname="tests.test_database_backup.TestDatabaseBackup" name="test_data_import" time="0.041" /><testcase classname="tests.test_database_backup.TestDatabaseBackup" name="test_cleanup_old_backups" time="0.054" /><testcase classname="tests.test_database_backup.TestDatabaseBackup" name="test_list_backups" time="0.043" /><testcase classname="tests.test_database_backup.TestDatabaseBackup" name="test_backup_with_no_data" time="0.052" /><testcase classname="tests.test_database_backup.TestDatabaseBackup" name="test_invalid_backup_path" time="0.037" /><testcase classname="tests.test_database_backup.TestDatabaseBackup" name="test_corrupted_backup_file" time="0.049" /><testcase classname="tests.test_health_check.TestHealthCheckDatabase" name="test_database_check_success" time="0.002" /><testcase classname="tests.test_health_check.TestHealthCheckDatabase" name="test_database_check_failure" time="0.003" /><testcase classname="tests.test_health_check.TestHealthCheckDatabase" name="test_database_check_no_db_configured" time="0.002" /><testcase classname="tests.test_health_check.TestHealthCheckSystemResources" name="test_system_resources_healthy" time="0.005" /><testcase classname="tests.test_health_check.TestHealthCheckSystemResources" name="test_system_resources_high_cpu" time="0.005" /><testcase classname="tests.test_health_check.TestHealthCheckExternalServices" name="test_external_services_healthy" time="0.006" /><testcase classname="tests.test_health_check.TestHealthCheckExternalServices" name="test_external_services_connection_error" time="0.010" /><testcase classname="tests.test_health_check.TestHealthCheckFullReport" name="test_full_health_check_report" time="0.006" /><testcase classname="tests.test_integration" name="test_full_deployment_workflow" time="0.706" /><testcase classname="tests.test_integration" name="test_multiple_deployments" time="0.987" /><testcase classname="tests.test_integration" name="test_servers_persistence" time="0.641" /><testcase classname="tests.test_integration" name="test_metrics_update_after_deployment" time="0.654" /><testcase classname="tests.test_logging.TestLoggerConfiguration" name="test_get_log_level_default" time="0.001" /><testcase classname="tests.test_logging.TestLoggerConfiguration" name="test_get_log_level_from_name" time="0.002" /><testcase classname="tests.test_logging.TestLoggerConfiguration" name="test_configure_logging_basic" time="0.002" /><testcase classname="tests.test_logging.TestLoggerConfiguration" name="test_configure_logging_with_file" time="0.003" /><testcase classname="tests.test_logging.TestLoggerConfiguration" name="test_get_logger" time="0.002" /><testcase classname="tests.test_logging.TestStructuredFormatter" name="test_formatter_without_color" time="0.002" /><testcase classname="tests.test_logging.TestStructuredFormatter" name="test_formatter_with_color" time="0.002" /><testcase classname="tests.test_logging.TestLoggerFunctions" name="test_log_authentication_success" time="0.004" /><testcase classname="tests.test_logging.TestLoggerFunctions" name="test_log_authentication_failure" time="0.002" /><testcase classname="tests.test_logging.TestLoggerFunctions" name="test_log_deployment" time="0.002" /><testcase classname="tests.test_logging.TestLoggerFunctions" name="test_log_health_check_result" time="0.002" /><testcase classname="tests.test_logging.TestLoggerFunctions" name="test_log_database_operation" time="0.002" /><testcase classname="tests.test_logging.TestRequestLogger" name="test_request_logger_middleware" time="0.021" /><testcase classname="tests.test_logging.TestRequestLogger" name="test_request_logger_with_authentication" time="0.647" /><testcase classname="tests.test_logging.TestLoggingIntegration" name="test_login_logging" time="0.628" /><testcase classname="tests.test_logging.TestLoggingIntegration" name="test_failed_login_logging" time="0.602" /><testcase classname="tests.test_logging.TestLoggingIntegration" name="test_logout_logging" time="0.624" /><testcase classname="tests.test_logging.TestLoggingIntegration" name="test_deployment_logging" time="0.641" /><testcase classname="tests.test_logging.TestLoggingIntegration" name="test_health_check_logging" time="2.002" /><testcase classname="tests.test_logging.TestLoggingIntegration" name="test_404_error_logging" time="0.015" /><testcase classname="tests.test_logging.TestLoggingIntegration" name="test_logging_database_operations" time="0.696" /><testcase classname="tests.test_logging.TestLogLevelConfiguration" name="test_log_level_from_environment" time="0.004" /><testcase classname="tests.test_logging.TestLogLevelConfiguration" name="test_invalid_log_level_defaults_to_info" time="0.002" /><testcase classname="tests.test_logging.TestLoggingOutput" name="test_log_message_contains_timestamp" time="0.002" /><testcase classname="tests.test_logging.TestLoggingOutput" name="test_log_message_contains_level" time="0.002" /><testcase classname="tests.test_logging.TestLoggingOutput" name="test_log_message_contains_logger_name" time="0.002" /><testcase classname="tests.test_models" name="test_user_model" time="0.002" /><testcase classname="tests.test_models" name="test_server_model" time="0.002" /><testcase classname="tests.test_models" name="test_deployment_model" time="0.002" /><testcase classname="tests.test_routes" name="test_home_redirect_unauthenticated" time="0.014" /><testcase classname="tests.test_routes" name="test_login_page" time="0.009" /><testcase classname="tests.test_routes" name="test_login_success" time="0.727" /><testcase classname="tests.test_routes" name="test_api_status" time="0.016" /><testcase classname="tests.test_routes" name="test_api_servers_authenticated" time="0.611" /><testcase classname="tests.test_routes" name="test_api_deployments_authenticated" time="0.671" /><testcase classname="tests.test_routes" name="test_deploy_authenticated" time="0.719" /><testcase classname="tests.test_routes" name="test_deploy_unauthenticated" time="0.010" /><testcase classname="tests.test_routes" name="test_health_check" time="0.014" /><testcase classname="tests.test_routes" name="test_metrics_endpoint" time="0.019" /><testcase classname="tests.test_routes" name="test_api_metrics_authenticated" time="0.687" /><testcase classname="tests.test_routes" name="test_logout" time="0.670" /><testcase classname="tests.test_routes" name="test_api_health_check" time="1.851" /><testcase classname="tests.test_routes" name="test_api_health_check_includes_database_check" time="2.013" /><testcase classname="tests.test_routes" name="test_api_health_check_includes_system_resources" time="1.947" /><testcase classname="tests.test_routes" name="test_api_health_check_includes_external_services" time="1.894" /><testcase classname="tests.test_routes" name="test_api_health_check_includes_application_status" time="2.130" /><testcase classname="tests.test_routes" name="test_api_health_check_summary" time="2.330" /></testsuite></testsuites>